---
source: packages/beff-core/tests/print_router.rs
expression: ok(from)
---
type A = "a" | "b" | "c";
type B = "a" | "b" | "d" | "e";
type Router = { "/hello": { "get": () => A | B } };

