---
source: packages/beff-core/tests/print_parser.rs
expression: ok(from)
---
type ObjWithUsers = { "a2"?: User2 } & { "enabled": boolean };
type User2 = { "age"?: number; "email"?: string; "name"?: string } & {
  "enabled": boolean;
};
type A = ObjWithUsers;

