---
source: packages/beff-core/tests/print_router.rs
expression: ok(from)
---
type Router = {
  "/no_const": { "get": () => { "a": number } };
  "/yes_const": { "get": () => { "a": 1 } };
};

