---
source: packages/beff-core/tests/print_parser.rs
expression: ok(from)
---
type User = {
  "age": number;
  "email": string;
  "name": string;
  [key: string]: any;
};
type A = { "age": number; [key: string]: any };

