---
source: packages/beff-core/tests/print_router.rs
expression: ok(from)
---
type Router = {
  "/no_const": { "get": () => number };
  "/yes_const": { "get": () => 1 };
};

