---
source: packages/beff-core/tests/print_router.rs
expression: ok(from)
---
type A = "x" | "y";
type Router = { "/it": { "get": () => A } };

