---
source: packages/beff-core/tests/print_router.rs
expression: ok(from)
---
type A = "a" | "b";
type Router = { "/hello": { "get": () => A } };

