---
source: packages/beff-core/tests/print_parser.rs
expression: "ok(r#\"\n        parse.buildParsers<{ A: Object }>();\n      \"#)"
---
type Object = { [key: string]: any };
type A = Object;

