---
source: packages/beff-core/tests/report_error.rs
expression: fail(from)
---
Error: ~~~
   ╭─[<unknown>:1:1]
   │
 5 │             get: (c:Ctx, a?: string): string => {
   │                          ─────┬────  
   │                               ╰────── Path parameter cannot be optional
───╯

