---
source: packages/beff-core/tests/report_error.rs
expression: s
---
Error: ~~~
   ╭─[<unknown>:1:1]
   │
 2 │     type A = STRING;
   │               ───┬──  
   │                  ╰──── Cannot find symbol 'STRING'
───╯

