---
source: packages/beff-core/tests/report_error.rs
expression: fail(from)
---
Error: ~~~
   ╭─[<unknown>:1:1]
   │
 6 │             get: (): B => impl()
   │                      ┬  
   │                      ╰── This type contains `never` and cannot be serialized
───╯

