---
source: packages/beff-core/tests/safe_to_change.rs
expression: "print_errors(from, to, &errors)"
---
from:

        export default {
            "/hello": {
                get: (): ["a2", {a:string[]}]|["a1", {a:number[]}] => todo()
            }
        }
        
to:

        export default {
            "/hello": {
                get: (): ["a2", {a?:string[]}]|["a1", {a:number[]}] => todo()
            }
        }
        

# Error at GET /hello:

Response body is not compatible.

```ts
type Old = (["a1", {
        "a": Array<number>;
    }] | ["a2", {
        "a": Array<string>;
    }]);
```

```ts
type New = (["a1", {
        "a": Array<number>;
    }] | ["a2", {
        "a"?: Array<string>;
    }]);
```

Previous clients will not support this response:

```json
[
  "a2",
  {}
]
```
