---
source: packages/beff-core/tests/safe_to_change.rs
expression: "&str"
---
{
  "components": {
    "responses": {
      "DecodeError": {
        "content": {
          "application/json": {
            "schema": {
              "properties": {
                "message": {
                  "type": "string"
                }
              },
              "required": [
                "message"
              ],
              "type": "object"
            }
          }
        },
        "description": "Invalid parameters or request body"
      },
      "UnexpectedError": {
        "content": {
          "application/json": {
            "schema": {
              "properties": {
                "message": {
                  "type": "string"
                }
              },
              "required": [
                "message"
              ],
              "type": "object"
            }
          }
        },
        "description": "Unexpected Error"
      }
    },
    "schemas": {
      "A": {
        "type": "string"
      }
    }
  },
  "info": {
    "title": "No title",
    "version": "0.0.0"
  },
  "openapi": "3.1.0",
  "paths": {
    "/hello/{n}": {
      "get": {
        "parameters": [
          {
            "in": "path",
            "name": "n",
            "required": true,
            "schema": {
              "type": "string"
            }
          },
          {
            "in": "query",
            "name": "a",
            "required": true,
            "schema": {
              "const": 1
            }
          }
        ],
        "requestBody": {
          "content": {
            "application/json": {
              "schema": {
                "properties": {
                  "c": {
                    "const": 2
                  }
                },
                "required": [
                  "c"
                ],
                "type": "object"
              }
            }
          },
          "required": true
        },
        "responses": {
          "200": {
            "content": {
              "application/json": {
                "schema": {
                  "$ref": "#/components/schemas/A"
                }
              }
            },
            "description": "Successful Operation"
          },
          "422": {
            "$ref": "#/components/responses/DecodeError"
          },
          "500": {
            "$ref": "#/components/responses/UnexpectedError"
          }
        }
      }
    }
  }
}
