---
source: packages/beff-core/tests/safe_to_change.rs
expression: "print_errors(from, to, &errors)"
---
from:

        export default {
            "/hello": {
                get: (): ["a"|"b"] => todo()
            }
        }
        
to:

        export default {
            "/hello": {
                get: (): ["a"|"b"|"c"] => todo()
            }
        }
        

# Error at GET /hello:

Response body is not compatible.

```ts
type Old = [("a" | "b")];
```

```ts
type New = [("a" | "b" | "c")];
```

Previous clients will not support this response:

```json
[
  "c"
]
```
