---
source: packages/beff-core/tests/safe_to_change.rs
expression: "print_errors(from, to, &errors)"
---
from:

        export default {
            "/hello": {
                get: (): [555,555] => todo()
            }
        }
        
to:

        export default {
            "/hello": {
                get: (): [number,number] => todo()
            }
        }
        

# Error at GET /hello:

Response body is not compatible.

```ts
type Old = [555, 555];
```

```ts
type New = [number, number];
```

```ts
type Diff = ([number, number] & Not<[555, 555]>);
```

Previous clients will not support this potential response:

evidence:

```js
[
    4773992856,
    123
];
```
