---
source: packages/beff-core/tests/safe_to_change.rs
expression: "print_errors(from, to, &errors)"
---
from:

        export default {
            "/hello": {
                get: (): {a:string[]} => todo()
            }
        }
        
to:

        export default {
            "/hello": {
                get: ():  {a:number|(string[])} => todo()
            }
        }
        

# Error at GET /hello:

Response body is not compatible.

```ts
type Old = {
    "a": Array<string>;
};
```

```ts
type New = {
    "a": (number | Array<string>);
};
```

```ts
type Diff = ({
    "a": (number | Array<string>);
} & Not<{
    "a": Array<string>;
}>);
```

```ts
type Evidence = {
    "a": number;
};
```

Previous clients will not support this potential response:

evidence:

```json
{
  "a": 123
}
```
