---
source: packages/beff-core/tests/safe_to_change.rs
expression: "print_errors(from, to, &errors)"
---
from:

        export default {
            "/hello": {
                get: (): "world" => {
                    return "world";
                }
            }
        }
        
to:

        export default {
            "/hello": {
                get: (): string => {
                    return "world";
                }
            }
        }
        

# Error at GET /hello:

Response body is not compatible.

```ts
type Old = "world";
```

```ts
type New = string;
```

```ts
type Diff = Not<"world">;
```

Previous clients will not support this potential response:

```js
"Izr1mn6edP0HLrWu";
```

diff:

```js
"Izr1mn6edP0HLrWu";
```

evidence:

```js
"Izr1mn6edP0HLrWu";
```
