---
source: packages/beff-core/tests/safe_to_change.rs
expression: "print_errors(from, to, &errors)"
---
from:

        export default {
            "/hello": {
                get: (): ["a1", {a:number}]|["a2", {a:string}] => todo()
            }
        }
        
to:

        export default {
            "/hello": {
                get: (): ["a1", {a:number}]|["a2", {a:boolean}] => todo()
            }
        }
        

# Error at GET /hello:

Response body is not compatible.

```ts
type Old = (["a1", {
        "a": number;
    }] | ["a2", {
        "a": string;
    }]);
```

```ts
type New = (["a1", {
        "a": number;
    }] | ["a2", {
        "a": boolean;
    }]);
```

```ts
type Diff = ((["a1", {
        "a": number;
    }] & (Not<["a1", {
        "a": number;
    }]> & Not<["a2", {
        "a": string;
    }]>)) | ((["a2", {
        "a": boolean;
    }] & (Not<["a1", {
        "a": number;
    }]> & Not<["a2", {
        "a": string;
    }]>)) & Not<["a1", {
        "a": number;
    }]>));
```

```ts
type Evidence = [("a2"), {
        "a": boolean;
    }];
```

Previous clients will not support this potential response:

evidence:

```json
[
  "a2",
  {
    "a": true
  }
]
```
