---
source: packages/beff-core/tests/safe_to_change.rs
expression: "print_errors(from, to, &errors)"
---
from:

        export default {
            "/hello": {
                get: (): {a: 555} => todo()
            }
        }
        
to:

        export default {
            "/hello": {
                get: (): {a: number} => todo()
            }
        }
        

# Error at GET /hello:

Response body is not compatible.

```ts
type Old = { "a": 555 };
```

```ts
type New = { "a": number };
```

Old clients will not support this response:

```json
{
  "a": 4773992856
}
```
