---
source: packages/beff-core/tests/safe_to_change.rs
expression: "print_errors(from, to, &errors)"
---
from:

        export default {
            "/hello": {
                get: (): {ok: true, data: string} | {ok:false, data: number} => todo()
            }
        }
        
to:

        export default {
            "/hello": {
                get: (): {ok: true, data: string} | {data: number} => todo()
            }
        }
        

# Error at GET /hello:

Response body is not compatible.

```ts
type Old = ({
    "data": string;
    "ok": true;
} | {
    "data": number;
    "ok": false;
});
```

```ts
type New = ({
    "data": string;
    "ok": true;
} | {
    "data": number;
});
```

```ts
type Diff = ({
    "data": never;
    "ok"?: (null | string | number | Object | Array);
} | {
    "data": never;
    "ok": never;
});
```

Previous clients will not support this potential response:

```js
{
    "data": never(),
    "ok": never()
};
```
