---
source: packages/beff-core/tests/safe_to_change.rs
expression: "print_errors(from, to, &errors)"
---
from:

        export default {
            "/hello": {
                get: (): ["a1", number]|["a2", string] => todo()
            }
        }
        
to:

        export default {
            "/hello": {
                get: (): ["a1", number]|["a3", string] => todo()
            }
        }
        

# Error at GET /hello:

Response body is not compatible.

```ts
type Old = (["a1", number] | ["a2", string]);
```

```ts
type New = (["a1", number] | ["a3", string]);
```

Previous clients will not support this response:

```json
[
  "a3",
  "abc"
]
```
